// Jest Snapshot v1, https://goo.gl/fbAQLP

exports[`prompt-example should create an example 1`] = `""Cat and Dog are arguing over who gets the last piece of pizza.""`;
